******************************************************************************
                  TI ARM Linker Unix v20.2.7                   
******************************************************************************
>> Linked Wed Sep 24 12:37:08 2025

OUTPUT FILE NAME:   <muj975_Lab_2.out>
ENTRY POINT SYMBOL: "_c_int00_noargs"  address: 000007d9


MEMORY CONFIGURATION

         name            origin    length      used     unused   attr    fill
----------------------  --------  ---------  --------  --------  ----  --------
  FLASH                 00000000   00040000  0000084e  0003f7b2  R  X
  SRAM                  20000000   00008000  00000214  00007dec  RW X


SEGMENT ALLOCATION MAP

run origin  load origin   length   init length attrs members
----------  ----------- ---------- ----------- ----- -------
00000000    00000000    00000850   00000850    r-x
  00000000    00000000    0000026c   0000026c    r-- .intvecs
  0000026c    0000026c    000005c2   000005c2    r-x .text
  00000830    00000830    00000020   00000020    r-- .cinit
20000000    20000000    00000214   00000000    rw-
  20000000    20000000    00000200   00000000    rw- .stack
  20000200    20000200    00000014   00000000    rw- .data


SECTION ALLOCATION MAP

 output                                  attributes/
section   page    origin      length       input sections
--------  ----  ----------  ----------   ----------------
.intvecs   0    00000000    0000026c     
                  00000000    0000026c     tm4c123gh6pm_startup_ccs.obj (.intvecs)

.text      0    0000026c    000005c2     
                  0000026c    00000424     main.obj (.text)
                  00000690    0000009c     rtsv7M4_T_le_v4SPD16_eabi.lib : memcpy_t2.asm.obj (.text)
                  0000072c    00000068                                   : copy_decompress_lzss.c.obj (.text:decompress:lzss:__TI_decompress_lzss)
                  00000794    00000044                                   : autoinit.c.obj (.text:__TI_auto_init_nobinit_nopinit:__TI_auto_init_nobinit_nopinit)
                  000007d8    00000034                                   : boot_cortex_m.c.obj (.text:_c_int00_noargs:_c_int00_noargs)
                  0000080c    0000000e                                   : copy_decompress_none.c.obj (.text:decompress:none:__TI_decompress_none)
                  0000081a    0000000c     tm4c123gh6pm_startup_ccs.obj (.text)
                  00000826    00000004     rtsv7M4_T_le_v4SPD16_eabi.lib : pre_init.c.obj (.text:_system_pre_init)
                  0000082a    00000004                                   : exit.c.obj (.text:abort:abort)

.cinit     0    00000830    00000020     
                  00000830    0000000f     (.cinit..data.load) [load image, compression = lzss]
                  0000083f    00000001     --HOLE-- [fill = 0]
                  00000840    00000008     (__TI_handler_table)
                  00000848    00000008     (__TI_cinit_table)

.init_array 
*          0    00000000    00000000     UNINITIALIZED

.data      0    20000200    00000014     UNINITIALIZED
                  20000200    00000014     main.obj (.data)

.stack     0    20000000    00000200     UNINITIALIZED
                  20000000    00000004     rtsv7M4_T_le_v4SPD16_eabi.lib : boot_cortex_m.c.obj (.stack)
                  20000004    000001fc     --HOLE--

__llvm_prf_cnts 
*          0    20000000    00000000     UNINITIALIZED

MODULE SUMMARY

       Module                         code   ro data   rw data
       ------                         ----   -------   -------
    ./
       main.obj                       1060   0         20     
       tm4c123gh6pm_startup_ccs.obj   12     620       0      
    +--+------------------------------+------+---------+---------+
       Total:                         1072   620       20     
                                                              
    /opt/CCS1230/ccs/tools/compiler/ti-cgt-arm_20.2.7.LTS/lib/rtsv7M4_T_le_v4SPD16_eabi.lib
       memcpy_t2.asm.obj              156    0         0      
       copy_decompress_lzss.c.obj     104    0         0      
       autoinit.c.obj                 68     0         0      
       boot_cortex_m.c.obj            52     0         0      
       copy_decompress_none.c.obj     14     0         0      
       exit.c.obj                     4      0         0      
       pre_init.c.obj                 4      0         0      
    +--+------------------------------+------+---------+---------+
       Total:                         402    0         0      
                                                              
       Stack:                         0      0         512    
       Linker Generated:              0      31        0      
    +--+------------------------------+------+---------+---------+
       Grand Total:                   1474   651       532    


LINKER GENERATED COPY TABLES

__TI_cinit_table @ 00000848 records: 1, size/record: 8, table size: 8
	.data: load addr=00000830, load size=0000000f bytes, run addr=20000200, run size=00000014 bytes, compression=lzss


LINKER GENERATED HANDLER TABLE

__TI_handler_table @ 00000840 records: 2, size/record: 4, table size: 8
	index: 0, handler: __TI_decompress_lzss
	index: 1, handler: __TI_decompress_none


GLOBAL SYMBOLS: SORTED ALPHABETICALLY BY Name 

address   name                          
-------   ----                          
0000082b  C$$EXIT                       
0000081b  ResetISR                      
20000200  __STACK_END                   
00000200  __STACK_SIZE                  
20000200  __STACK_TOP                   
00000848  __TI_CINIT_Base               
00000850  __TI_CINIT_Limit              
00000840  __TI_Handler_Table_Base       
00000848  __TI_Handler_Table_Limit      
00000795  __TI_auto_init_nobinit_nopinit
0000072d  __TI_decompress_lzss          
0000080d  __TI_decompress_none          
ffffffff  __TI_pprof_out_hndl           
ffffffff  __TI_prof_data_size           
ffffffff  __TI_prof_data_start          
00000000  __TI_static_base__            
00000691  __aeabi_memcpy                
00000691  __aeabi_memcpy4               
00000691  __aeabi_memcpy8               
ffffffff  __binit__                     
ffffffff  __c_args__                    
UNDEFED   __mpu_init                    
20000000  __stack                       
20000000  __start___llvm_prf_cnts       
20000000  __stop___llvm_prf_cnts        
000007d9  _c_int00_noargs               
UNDEFED   _system_post_cinit            
00000827  _system_pre_init              
0000082b  abort                         
ffffffff  binit                         
000004f3  change_led_colour             
0000044b  check_sw1                     
00000495  check_sw2                     
00000000  g_pfnVectors                  
0000029d  init_gpio                     
20000210  led_blinking                  
20000200  led_colour                    
20000204  led_on                        
00000415  led_time_out_handler          
0000026d  main                          
00000691  memcpy                        
00000549  set_led                       
20000208  sw1_pressed                   
2000020c  sw2_pressed                   


GLOBAL SYMBOLS: SORTED BY Symbol Address 

address   name                          
-------   ----                          
00000000  __TI_static_base__            
00000000  g_pfnVectors                  
00000200  __STACK_SIZE                  
0000026d  main                          
0000029d  init_gpio                     
00000415  led_time_out_handler          
0000044b  check_sw1                     
00000495  check_sw2                     
000004f3  change_led_colour             
00000549  set_led                       
00000691  __aeabi_memcpy                
00000691  __aeabi_memcpy4               
00000691  __aeabi_memcpy8               
00000691  memcpy                        
0000072d  __TI_decompress_lzss          
00000795  __TI_auto_init_nobinit_nopinit
000007d9  _c_int00_noargs               
0000080d  __TI_decompress_none          
0000081b  ResetISR                      
00000827  _system_pre_init              
0000082b  C$$EXIT                       
0000082b  abort                         
00000840  __TI_Handler_Table_Base       
00000848  __TI_CINIT_Base               
00000848  __TI_Handler_Table_Limit      
00000850  __TI_CINIT_Limit              
20000000  __stack                       
20000000  __start___llvm_prf_cnts       
20000000  __stop___llvm_prf_cnts        
20000200  __STACK_END                   
20000200  __STACK_TOP                   
20000200  led_colour                    
20000204  led_on                        
20000208  sw1_pressed                   
2000020c  sw2_pressed                   
20000210  led_blinking                  
ffffffff  __TI_pprof_out_hndl           
ffffffff  __TI_prof_data_size           
ffffffff  __TI_prof_data_start          
ffffffff  __binit__                     
ffffffff  __c_args__                    
ffffffff  binit                         
UNDEFED   __mpu_init                    
UNDEFED   _system_post_cinit            

[44 symbols]
