******************************************************************************
                  TI ARM Linker Unix v20.2.7                   
******************************************************************************
>> Linked Tue Sep 23 12:25:09 2025

OUTPUT FILE NAME:   <muj975_Lab_2.out>
ENTRY POINT SYMBOL: "_c_int00_noargs"  address: 00000655


MEMORY CONFIGURATION

         name            origin    length      used     unused   attr    fill
----------------------  --------  ---------  --------  --------  ----  --------
  FLASH                 00000000   00040000  000006c6  0003f93a  R  X
  SRAM                  20000000   00008000  00000208  00007df8  RW X


SEGMENT ALLOCATION MAP

run origin  load origin   length   init length attrs members
----------  ----------- ---------- ----------- ----- -------
00000000    00000000    000006cc   000006cc    r-x
  00000000    00000000    0000026c   0000026c    r-- .intvecs
  0000026c    0000026c    0000043e   0000043e    r-x .text
  000006b0    000006b0    0000001c   0000001c    r-- .cinit
20000000    20000000    00000208   00000000    rw-
  20000000    20000000    00000200   00000000    rw- .stack
  20000200    20000200    00000008   00000000    rw- .data


SECTION ALLOCATION MAP

 output                                  attributes/
section   page    origin      length       input sections
--------  ----  ----------  ----------   ----------------
.intvecs   0    00000000    0000026c     
                  00000000    0000026c     tm4c123gh6pm_startup_ccs.obj (.intvecs)

.text      0    0000026c    0000043e     
                  0000026c    000002a0     main.obj (.text)
                  0000050c    0000009c     rtsv7M4_T_le_v4SPD16_eabi.lib : memcpy_t2.asm.obj (.text)
                  000005a8    00000068                                   : copy_decompress_lzss.c.obj (.text:decompress:lzss:__TI_decompress_lzss)
                  00000610    00000044                                   : autoinit.c.obj (.text:__TI_auto_init_nobinit_nopinit:__TI_auto_init_nobinit_nopinit)
                  00000654    00000034                                   : boot_cortex_m.c.obj (.text:_c_int00_noargs:_c_int00_noargs)
                  00000688    0000000e                                   : copy_decompress_none.c.obj (.text:decompress:none:__TI_decompress_none)
                  00000696    0000000c     tm4c123gh6pm_startup_ccs.obj (.text)
                  000006a2    00000004     rtsv7M4_T_le_v4SPD16_eabi.lib : pre_init.c.obj (.text:_system_pre_init)
                  000006a6    00000004                                   : exit.c.obj (.text:abort:abort)

.cinit     0    000006b0    0000001c     
                  000006b0    0000000b     (.cinit..data.load) [load image, compression = lzss]
                  000006bb    00000001     --HOLE-- [fill = 0]
                  000006bc    00000008     (__TI_handler_table)
                  000006c4    00000008     (__TI_cinit_table)

.init_array 
*          0    00000000    00000000     UNINITIALIZED

.data      0    20000200    00000008     UNINITIALIZED
                  20000200    00000008     main.obj (.data)

.stack     0    20000000    00000200     UNINITIALIZED
                  20000000    00000004     rtsv7M4_T_le_v4SPD16_eabi.lib : boot_cortex_m.c.obj (.stack)
                  20000004    000001fc     --HOLE--

__llvm_prf_cnts 
*          0    20000000    00000000     UNINITIALIZED

MODULE SUMMARY

       Module                         code   ro data   rw data
       ------                         ----   -------   -------
    ./
       main.obj                       672    0         8      
       tm4c123gh6pm_startup_ccs.obj   12     620       0      
    +--+------------------------------+------+---------+---------+
       Total:                         684    620       8      
                                                              
    /opt/CCS1230/ccs/tools/compiler/ti-cgt-arm_20.2.7.LTS/lib/rtsv7M4_T_le_v4SPD16_eabi.lib
       memcpy_t2.asm.obj              156    0         0      
       copy_decompress_lzss.c.obj     104    0         0      
       autoinit.c.obj                 68     0         0      
       boot_cortex_m.c.obj            52     0         0      
       copy_decompress_none.c.obj     14     0         0      
       exit.c.obj                     4      0         0      
       pre_init.c.obj                 4      0         0      
    +--+------------------------------+------+---------+---------+
       Total:                         402    0         0      
                                                              
       Stack:                         0      0         512    
       Linker Generated:              0      27        0      
    +--+------------------------------+------+---------+---------+
       Grand Total:                   1086   647       520    


LINKER GENERATED COPY TABLES

__TI_cinit_table @ 000006c4 records: 1, size/record: 8, table size: 8
	.data: load addr=000006b0, load size=0000000b bytes, run addr=20000200, run size=00000008 bytes, compression=lzss


LINKER GENERATED HANDLER TABLE

__TI_handler_table @ 000006bc records: 2, size/record: 4, table size: 8
	index: 0, handler: __TI_decompress_lzss
	index: 1, handler: __TI_decompress_none


GLOBAL SYMBOLS: SORTED ALPHABETICALLY BY Name 

address   name                          
-------   ----                          
000006a7  C$$EXIT                       
00000697  ResetISR                      
20000200  __STACK_END                   
00000200  __STACK_SIZE                  
20000200  __STACK_TOP                   
000006c4  __TI_CINIT_Base               
000006cc  __TI_CINIT_Limit              
000006bc  __TI_Handler_Table_Base       
000006c4  __TI_Handler_Table_Limit      
00000611  __TI_auto_init_nobinit_nopinit
000005a9  __TI_decompress_lzss          
00000689  __TI_decompress_none          
ffffffff  __TI_pprof_out_hndl           
ffffffff  __TI_prof_data_size           
ffffffff  __TI_prof_data_start          
00000000  __TI_static_base__            
0000050d  __aeabi_memcpy                
0000050d  __aeabi_memcpy4               
0000050d  __aeabi_memcpy8               
ffffffff  __binit__                     
ffffffff  __c_args__                    
UNDEFED   __mpu_init                    
20000000  __stack                       
20000000  __start___llvm_prf_cnts       
20000000  __stop___llvm_prf_cnts        
00000655  _c_int00_noargs               
UNDEFED   _system_post_cinit            
000006a3  _system_pre_init              
000006a7  abort                         
ffffffff  binit                         
0000047b  change_led_colour             
00000000  g_pfnVectors                  
000002db  init_gpio                     
20000200  led_colour                    
20000204  led_on                        
0000026d  main                          
0000050d  memcpy                        
000003b3  set_led                       
000002a5  time_out_handler              
00000289  timed_out                     


GLOBAL SYMBOLS: SORTED BY Symbol Address 

address   name                          
-------   ----                          
00000000  __TI_static_base__            
00000000  g_pfnVectors                  
00000200  __STACK_SIZE                  
0000026d  main                          
00000289  timed_out                     
000002a5  time_out_handler              
000002db  init_gpio                     
000003b3  set_led                       
0000047b  change_led_colour             
0000050d  __aeabi_memcpy                
0000050d  __aeabi_memcpy4               
0000050d  __aeabi_memcpy8               
0000050d  memcpy                        
000005a9  __TI_decompress_lzss          
00000611  __TI_auto_init_nobinit_nopinit
00000655  _c_int00_noargs               
00000689  __TI_decompress_none          
00000697  ResetISR                      
000006a3  _system_pre_init              
000006a7  C$$EXIT                       
000006a7  abort                         
000006bc  __TI_Handler_Table_Base       
000006c4  __TI_CINIT_Base               
000006c4  __TI_Handler_Table_Limit      
000006cc  __TI_CINIT_Limit              
20000000  __stack                       
20000000  __start___llvm_prf_cnts       
20000000  __stop___llvm_prf_cnts        
20000200  __STACK_END                   
20000200  __STACK_TOP                   
20000200  led_colour                    
20000204  led_on                        
ffffffff  __TI_pprof_out_hndl           
ffffffff  __TI_prof_data_size           
ffffffff  __TI_prof_data_start          
ffffffff  __binit__                     
ffffffff  __c_args__                    
ffffffff  binit                         
UNDEFED   __mpu_init                    
UNDEFED   _system_post_cinit            

[40 symbols]
