******************************************************************************
                  TI ARM Linker Unix v20.2.7                   
******************************************************************************
>> Linked Sat Oct 18 15:23:34 2025

OUTPUT FILE NAME:   <muj975_Lab_3.out>
ENTRY POINT SYMBOL: "_c_int00_noargs"  address: 00002695


MEMORY CONFIGURATION

         name            origin    length      used     unused   attr    fill
----------------------  --------  ---------  --------  --------  ----  --------
  FLASH                 00000000   00040000  000028fd  0003d703  R  X
  SRAM                  20000000   00008000  00000820  000077e0  RW X


SEGMENT ALLOCATION MAP

run origin  load origin   length   init length attrs members
----------  ----------- ---------- ----------- ----- -------
00000000    00000000    00002900   00002900    r-x
  00000000    00000000    0000026c   0000026c    r-- .intvecs
  0000026c    0000026c    00002570   00002570    r-x .text
  000027dc    000027dc    00000101   00000101    r-- .const
  000028e0    000028e0    00000020   00000020    r-- .cinit
20000000    20000000    00000820   00000000    rw-
  20000000    20000000    00000800   00000000    rw- .stack
  20000800    20000800    00000020   00000000    rw- .data


SECTION ALLOCATION MAP

 output                                  attributes/
section   page    origin      length       input sections
--------  ----  ----------  ----------   ----------------
.intvecs   0    00000000    0000026c     
                  00000000    0000026c     tm4c123gh6pm_startup_ccs.obj (.intvecs)

.text      0    0000026c    00002570     
                  0000026c    00000a4e     rtsv7M4_T_le_v4SPD16_eabi.lib : _printfi.c.obj (.text:__TI_printfi)
                  00000cba    00000002                                   : div0.asm.obj (.text)
                  00000cbc    00000738     main.obj (.text)
                  000013f4    00000270     rtsv7M4_T_le_v4SPD16_eabi.lib : _printfi.c.obj (.text:_pconv_a)
                  00001664    000001d0                                   : _printfi.c.obj (.text:_pconv_g)
                  00001834    000001b6                                   : fd_add_t2.asm.obj (.text)
                  000019ea    00000002     --HOLE-- [fill = 0]
                  000019ec    0000013c                                   : _printfi.c.obj (.text:_pconv_e)
                  00001b28    00000136                                   : fd_div_t2.asm.obj (.text)
                  00001c5e    00000002     --HOLE-- [fill = 0]
                  00001c60    00000124                                   : _printfi.c.obj (.text:fcvt)
                  00001d84    00000110                                   : s_scalbn.c.obj (.text:scalbn)
                  00001e94    000000fc                                   : fd_mul_t2.asm.obj (.text)
                  00001f90    000000b1                                   : _printfi.c.obj (.text:_ltostr)
                  00002041    00000001     --HOLE-- [fill = 0]
                  00002042    0000009c                                   : memcpy_t2.asm.obj (.text)
                  000020de    00000096                                   : ull_div_t2.asm.obj (.text)
                  00002174    00000086                                   : fd_cmp_t2.asm.obj (.text:__aeabi_cdcmple)
                  000021fa    00000086                                   : fd_cmp_t2.asm.obj (.text:__aeabi_cdrcmple)
                  00002280    0000007a                                   : memset_t2.asm.obj (.text)
                  000022fa    0000006e                                   : _printfi.c.obj (.text:_mcpy)
                  00002368    00000068                                   : copy_decompress_lzss.c.obj (.text:decompress:lzss:__TI_decompress_lzss)
                  000023d0    00000064                                   : s_frexp.c.obj (.text:frexp)
                  00002434    00000056                                   : _printfi.c.obj (.text:_pconv_f)
                  0000248a    00000054                                   : _ltoa.c.obj (.text:__TI_ltoa)
                  000024de    00000052                                   : _printfi.c.obj (.text:_ecpy)
                  00002530    0000004c                                   : atoi.c.obj (.text:atoi)
                  0000257c    0000004c                                   : snprintf.c.obj (.text:snprintf)
                  000025c8    00000048                                   : fd_toi_t2.asm.obj (.text)
                  00002610    00000044                                   : autoinit.c.obj (.text:__TI_auto_init_nobinit_nopinit:__TI_auto_init_nobinit_nopinit)
                  00002654    0000003e                                   : _printfi.c.obj (.text:_fcpy)
                  00002692    00000002     --HOLE-- [fill = 0]
                  00002694    00000034                                   : boot_cortex_m.c.obj (.text:_c_int00_noargs:_c_int00_noargs)
                  000026c8    00000030                                   : snprintf.c.obj (.text:_outs)
                  000026f8    0000002e                                   : i_tofd_t2.asm.obj (.text)
                  00002726    0000001c                                   : memccpy.c.obj (.text:memccpy)
                  00002742    0000001a                                   : s_copysign.c.obj (.text:copysign)
                  0000275c    00000018                                   : snprintf.c.obj (.text:_outc)
                  00002774    00000016                                   : strchr.c.obj (.text:strchr)
                  0000278a    00000014                                   : strlen.c.obj (.text:strlen)
                  0000279e    00000012                                   : wcslen.c.obj (.text:wcslen)
                  000027b0    0000000e                                   : copy_decompress_none.c.obj (.text:decompress:none:__TI_decompress_none)
                  000027be    0000000c     tm4c123gh6pm_startup_ccs.obj (.text)
                  000027ca    00000002     --HOLE-- [fill = 0]
                  000027cc    00000008     rtsv7M4_T_le_v4SPD16_eabi.lib : errno.c.obj (.text:__aeabi_errno_addr)
                  000027d4    00000004                                   : pre_init.c.obj (.text:_system_pre_init)
                  000027d8    00000004                                   : exit.c.obj (.text:abort:abort)

.const     0    000027dc    00000101     
                  000027dc    00000101     rtsv7M4_T_le_v4SPD16_eabi.lib : ctype.c.obj (.const:.string:_ctypes_)

.cinit     0    000028e0    00000020     
                  000028e0    0000000f     (.cinit..data.load) [load image, compression = lzss]
                  000028ef    00000001     --HOLE-- [fill = 0]
                  000028f0    00000008     (__TI_handler_table)
                  000028f8    00000008     (__TI_cinit_table)

.init_array 
*          0    00000000    00000000     UNINITIALIZED

.data      0    20000800    00000020     UNINITIALIZED
                  20000800    0000001c     main.obj (.data)
                  2000081c    00000004     rtsv7M4_T_le_v4SPD16_eabi.lib : errno.c.obj (.data)

.stack     0    20000000    00000800     UNINITIALIZED
                  20000000    00000004     rtsv7M4_T_le_v4SPD16_eabi.lib : boot_cortex_m.c.obj (.stack)
                  20000004    000007fc     --HOLE--

__llvm_prf_cnts 
*          0    20000000    00000000     UNINITIALIZED

MODULE SUMMARY

       Module                         code   ro data   rw data
       ------                         ----   -------   -------
    ./
       main.obj                       1848   0         28     
       tm4c123gh6pm_startup_ccs.obj   12     620       0      
    +--+------------------------------+------+---------+---------+
       Total:                         1860   620       28     
                                                              
    /opt/CCS1230/ccs/tools/compiler/ti-cgt-arm_20.2.7.LTS/lib/rtsv7M4_T_le_v4SPD16_eabi.lib
       _printfi.c.obj                 4851   0         0      
       fd_add_t2.asm.obj              438    0         0      
       fd_div_t2.asm.obj              310    0         0      
       s_scalbn.c.obj                 272    0         0      
       fd_cmp_t2.asm.obj              268    0         0      
       ctype.c.obj                    0      257       0      
       fd_mul_t2.asm.obj              252    0         0      
       memcpy_t2.asm.obj              156    0         0      
       ull_div_t2.asm.obj             150    0         0      
       snprintf.c.obj                 148    0         0      
       memset_t2.asm.obj              122    0         0      
       copy_decompress_lzss.c.obj     104    0         0      
       s_frexp.c.obj                  100    0         0      
       _ltoa.c.obj                    84     0         0      
       atoi.c.obj                     76     0         0      
       fd_toi_t2.asm.obj              72     0         0      
       autoinit.c.obj                 68     0         0      
       boot_cortex_m.c.obj            52     0         0      
       i_tofd_t2.asm.obj              46     0         0      
       memccpy.c.obj                  28     0         0      
       s_copysign.c.obj               26     0         0      
       strchr.c.obj                   22     0         0      
       strlen.c.obj                   20     0         0      
       wcslen.c.obj                   18     0         0      
       copy_decompress_none.c.obj     14     0         0      
       errno.c.obj                    8      0         4      
       exit.c.obj                     4      0         0      
       pre_init.c.obj                 4      0         0      
       div0.asm.obj                   2      0         0      
    +--+------------------------------+------+---------+---------+
       Total:                         7715   257       4      
                                                              
       Stack:                         0      0         2048   
       Linker Generated:              0      31        0      
    +--+------------------------------+------+---------+---------+
       Grand Total:                   9575   908       2080   


LINKER GENERATED COPY TABLES

__TI_cinit_table @ 000028f8 records: 1, size/record: 8, table size: 8
	.data: load addr=000028e0, load size=0000000f bytes, run addr=20000800, run size=00000020 bytes, compression=lzss


LINKER GENERATED HANDLER TABLE

__TI_handler_table @ 000028f0 records: 2, size/record: 4, table size: 8
	index: 0, handler: __TI_decompress_lzss
	index: 1, handler: __TI_decompress_none


GLOBAL SYMBOLS: SORTED ALPHABETICALLY BY Name 

address   name                          
-------   ----                          
000027d9  C$$EXIT                       
000027bf  ResetISR                      
20000818  SSD_counter                   
20000814  SSD_counting                  
20000800  __STACK_END                   
00000800  __STACK_SIZE                  
20000200  __STACK_TOP                   
000028f8  __TI_CINIT_Base               
00002900  __TI_CINIT_Limit              
000028f0  __TI_Handler_Table_Base       
000028f8  __TI_Handler_Table_Limit      
00002611  __TI_auto_init_nobinit_nopinit
00002369  __TI_decompress_lzss          
000027b1  __TI_decompress_none          
0000248b  __TI_ltoa                     
ffffffff  __TI_pprof_out_hndl           
0000026d  __TI_printfi                  
ffffffff  __TI_prof_data_size           
ffffffff  __TI_prof_data_start          
00000000  __TI_static_base__            
00002175  __aeabi_cdcmpeq               
00002175  __aeabi_cdcmple               
000021fb  __aeabi_cdrcmple              
000025c9  __aeabi_d2iz                  
0000183f  __aeabi_dadd                  
00001b29  __aeabi_ddiv                  
00001e95  __aeabi_dmul                  
00001835  __aeabi_dsub                  
000027cd  __aeabi_errno_addr            
000026f9  __aeabi_i2d                   
00000cbb  __aeabi_idiv0                 
00000cbb  __aeabi_ldiv0                 
00002281  __aeabi_memclr                
00002281  __aeabi_memclr4               
00002281  __aeabi_memclr8               
00002043  __aeabi_memcpy                
00002043  __aeabi_memcpy4               
00002043  __aeabi_memcpy8               
00002283  __aeabi_memset                
00002283  __aeabi_memset4               
00002283  __aeabi_memset8               
000020df  __aeabi_uldivmod              
ffffffff  __binit__                     
ffffffff  __c_args__                    
UNDEFED   __mpu_init                    
20000000  __stack                       
20000000  __start___llvm_prf_cnts       
20000000  __stop___llvm_prf_cnts        
00002695  _c_int00_noargs               
000027dc  _ctypes_                      
UNDEFED   _system_post_cinit            
000027d5  _system_pre_init              
000027d9  abort                         
00002531  atoi                          
ffffffff  binit                         
000012c9  change_led_colour             
00001025  char_to_display_data          
00002743  copysign                      
00002743  copysignl                     
2000081c  errno                         
000023d1  frexp                         
000023d1  frexpl                        
00000000  g_pfnVectors                  
00000cdd  init_gpio                     
00000eb3  init_interrupts               
00001d85  ldexp                         
00001d85  ldexpl                        
20000810  led_blinking                  
20000800  led_colour                    
20000804  led_on                        
00000cbd  main                          
00002727  memccpy                       
00002043  memcpy                        
00002289  memset                        
0000115d  port_f_handler                
00001d85  scalbn                        
00001d85  scalbnl                       
00001303  set_led                       
0000257d  snprintf                      
00002775  strchr                        
0000278b  strlen                        
20000808  sw1_pressed                   
2000080c  sw2_pressed                   
000010d5  timer0_handler                
000011f9  timer1_handler                
00001229  timer2_handler                
0000127d  timer3_handler                
0000279f  wcslen                        
00000f83  write_7_segment_display       


GLOBAL SYMBOLS: SORTED BY Symbol Address 

address   name                          
-------   ----                          
00000000  __TI_static_base__            
00000000  g_pfnVectors                  
0000026d  __TI_printfi                  
00000800  __STACK_SIZE                  
00000cbb  __aeabi_idiv0                 
00000cbb  __aeabi_ldiv0                 
00000cbd  main                          
00000cdd  init_gpio                     
00000eb3  init_interrupts               
00000f83  write_7_segment_display       
00001025  char_to_display_data          
000010d5  timer0_handler                
0000115d  port_f_handler                
000011f9  timer1_handler                
00001229  timer2_handler                
0000127d  timer3_handler                
000012c9  change_led_colour             
00001303  set_led                       
00001835  __aeabi_dsub                  
0000183f  __aeabi_dadd                  
00001b29  __aeabi_ddiv                  
00001d85  ldexp                         
00001d85  ldexpl                        
00001d85  scalbn                        
00001d85  scalbnl                       
00001e95  __aeabi_dmul                  
00002043  __aeabi_memcpy                
00002043  __aeabi_memcpy4               
00002043  __aeabi_memcpy8               
00002043  memcpy                        
000020df  __aeabi_uldivmod              
00002175  __aeabi_cdcmpeq               
00002175  __aeabi_cdcmple               
000021fb  __aeabi_cdrcmple              
00002281  __aeabi_memclr                
00002281  __aeabi_memclr4               
00002281  __aeabi_memclr8               
00002283  __aeabi_memset                
00002283  __aeabi_memset4               
00002283  __aeabi_memset8               
00002289  memset                        
00002369  __TI_decompress_lzss          
000023d1  frexp                         
000023d1  frexpl                        
0000248b  __TI_ltoa                     
00002531  atoi                          
0000257d  snprintf                      
000025c9  __aeabi_d2iz                  
00002611  __TI_auto_init_nobinit_nopinit
00002695  _c_int00_noargs               
000026f9  __aeabi_i2d                   
00002727  memccpy                       
00002743  copysign                      
00002743  copysignl                     
00002775  strchr                        
0000278b  strlen                        
0000279f  wcslen                        
000027b1  __TI_decompress_none          
000027bf  ResetISR                      
000027cd  __aeabi_errno_addr            
000027d5  _system_pre_init              
000027d9  C$$EXIT                       
000027d9  abort                         
000027dc  _ctypes_                      
000028f0  __TI_Handler_Table_Base       
000028f8  __TI_CINIT_Base               
000028f8  __TI_Handler_Table_Limit      
00002900  __TI_CINIT_Limit              
20000000  __stack                       
20000000  __start___llvm_prf_cnts       
20000000  __stop___llvm_prf_cnts        
20000200  __STACK_TOP                   
20000800  __STACK_END                   
20000800  led_colour                    
20000804  led_on                        
20000808  sw1_pressed                   
2000080c  sw2_pressed                   
20000810  led_blinking                  
20000814  SSD_counting                  
20000818  SSD_counter                   
2000081c  errno                         
ffffffff  __TI_pprof_out_hndl           
ffffffff  __TI_prof_data_size           
ffffffff  __TI_prof_data_start          
ffffffff  __binit__                     
ffffffff  __c_args__                    
ffffffff  binit                         
UNDEFED   __mpu_init                    
UNDEFED   _system_post_cinit            

[89 symbols]
