******************************************************************************
                  TI ARM Linker Unix v20.2.7                   
******************************************************************************
>> Linked Thu Oct 16 17:14:45 2025

OUTPUT FILE NAME:   <muj975_Lab_3.out>
ENTRY POINT SYMBOL: "_c_int00_noargs"  address: 00000a71


MEMORY CONFIGURATION

         name            origin    length      used     unused   attr    fill
----------------------  --------  ---------  --------  --------  ----  --------
  FLASH                 00000000   00040000  00000ae2  0003f51e  R  X
  SRAM                  20000000   00008000  00000214  00007dec  RW X


SEGMENT ALLOCATION MAP

run origin  load origin   length   init length attrs members
----------  ----------- ---------- ----------- ----- -------
00000000    00000000    00000ae4   00000ae4    r-x
  00000000    00000000    0000026c   0000026c    r-- .intvecs
  0000026c    0000026c    0000085a   0000085a    r-x .text
  00000ac8    00000ac8    0000001c   0000001c    r-- .cinit
20000000    20000000    00000214   00000000    rw-
  20000000    20000000    00000200   00000000    rw- .stack
  20000200    20000200    00000014   00000000    rw- .data


SECTION ALLOCATION MAP

 output                                  attributes/
section   page    origin      length       input sections
--------  ----  ----------  ----------   ----------------
.intvecs   0    00000000    0000026c     
                  00000000    0000026c     tm4c123gh6pm_startup_ccs.obj (.intvecs)

.text      0    0000026c    0000085a     
                  0000026c    000006bc     main.obj (.text)
                  00000928    0000009c     rtsv7M4_T_le_v4SPD16_eabi.lib : memcpy_t2.asm.obj (.text)
                  000009c4    00000068                                   : copy_decompress_lzss.c.obj (.text:decompress:lzss:__TI_decompress_lzss)
                  00000a2c    00000044                                   : autoinit.c.obj (.text:__TI_auto_init_nobinit_nopinit:__TI_auto_init_nobinit_nopinit)
                  00000a70    00000034                                   : boot_cortex_m.c.obj (.text:_c_int00_noargs:_c_int00_noargs)
                  00000aa4    0000000e                                   : copy_decompress_none.c.obj (.text:decompress:none:__TI_decompress_none)
                  00000ab2    0000000c     tm4c123gh6pm_startup_ccs.obj (.text)
                  00000abe    00000004     rtsv7M4_T_le_v4SPD16_eabi.lib : pre_init.c.obj (.text:_system_pre_init)
                  00000ac2    00000004                                   : exit.c.obj (.text:abort:abort)

.cinit     0    00000ac8    0000001c     
                  00000ac8    0000000b     (.cinit..data.load) [load image, compression = lzss]
                  00000ad3    00000001     --HOLE-- [fill = 0]
                  00000ad4    00000008     (__TI_handler_table)
                  00000adc    00000008     (__TI_cinit_table)

.init_array 
*          0    00000000    00000000     UNINITIALIZED

.data      0    20000200    00000014     UNINITIALIZED
                  20000200    00000014     main.obj (.data)

.stack     0    20000000    00000200     UNINITIALIZED
                  20000000    00000004     rtsv7M4_T_le_v4SPD16_eabi.lib : boot_cortex_m.c.obj (.stack)
                  20000004    000001fc     --HOLE--

__llvm_prf_cnts 
*          0    20000000    00000000     UNINITIALIZED

MODULE SUMMARY

       Module                         code   ro data   rw data
       ------                         ----   -------   -------
    ./
       main.obj                       1724   0         20     
       tm4c123gh6pm_startup_ccs.obj   12     620       0      
    +--+------------------------------+------+---------+---------+
       Total:                         1736   620       20     
                                                              
    /opt/CCS1230/ccs/tools/compiler/ti-cgt-arm_20.2.7.LTS/lib/rtsv7M4_T_le_v4SPD16_eabi.lib
       memcpy_t2.asm.obj              156    0         0      
       copy_decompress_lzss.c.obj     104    0         0      
       autoinit.c.obj                 68     0         0      
       boot_cortex_m.c.obj            52     0         0      
       copy_decompress_none.c.obj     14     0         0      
       exit.c.obj                     4      0         0      
       pre_init.c.obj                 4      0         0      
    +--+------------------------------+------+---------+---------+
       Total:                         402    0         0      
                                                              
       Stack:                         0      0         512    
       Linker Generated:              0      27        0      
    +--+------------------------------+------+---------+---------+
       Grand Total:                   2138   647       532    


LINKER GENERATED COPY TABLES

__TI_cinit_table @ 00000adc records: 1, size/record: 8, table size: 8
	.data: load addr=00000ac8, load size=0000000b bytes, run addr=20000200, run size=00000014 bytes, compression=lzss


LINKER GENERATED HANDLER TABLE

__TI_handler_table @ 00000ad4 records: 2, size/record: 4, table size: 8
	index: 0, handler: __TI_decompress_lzss
	index: 1, handler: __TI_decompress_none


GLOBAL SYMBOLS: SORTED ALPHABETICALLY BY Name 

address   name                          
-------   ----                          
00000ac3  C$$EXIT                       
00000ab3  ResetISR                      
20000200  __STACK_END                   
00000200  __STACK_SIZE                  
20000200  __STACK_TOP                   
00000adc  __TI_CINIT_Base               
00000ae4  __TI_CINIT_Limit              
00000ad4  __TI_Handler_Table_Base       
00000adc  __TI_Handler_Table_Limit      
00000a2d  __TI_auto_init_nobinit_nopinit
000009c5  __TI_decompress_lzss          
00000aa5  __TI_decompress_none          
ffffffff  __TI_pprof_out_hndl           
ffffffff  __TI_prof_data_size           
ffffffff  __TI_prof_data_start          
00000000  __TI_static_base__            
00000929  __aeabi_memcpy                
00000929  __aeabi_memcpy4               
00000929  __aeabi_memcpy8               
ffffffff  __binit__                     
ffffffff  __c_args__                    
UNDEFED   __mpu_init                    
20000000  __stack                       
20000000  __start___llvm_prf_cnts       
20000000  __stop___llvm_prf_cnts        
00000a71  _c_int00_noargs               
UNDEFED   _system_post_cinit            
00000abf  _system_pre_init              
00000ac3  abort                         
ffffffff  binit                         
000007f9  change_led_colour             
00000591  char_to_display_data          
000006f9  check_sw1                     
00000785  check_sw2                     
00000000  g_pfnVectors                  
0000029b  init_gpio                     
00000453  init_interrupts               
20000210  led_blinking                  
20000200  led_colour                    
20000204  led_on                        
0000026d  main                          
00000929  memcpy                        
0000083d  set_led                       
00000669  sw1_handler                   
20000208  sw1_pressed                   
2000020c  sw2_pressed                   
00000621  timer0_handler                
000006a1  timer1_handler                
000006c1  timer2_handler                
00000505  write_7_segment_display       


GLOBAL SYMBOLS: SORTED BY Symbol Address 

address   name                          
-------   ----                          
00000000  __TI_static_base__            
00000000  g_pfnVectors                  
00000200  __STACK_SIZE                  
0000026d  main                          
0000029b  init_gpio                     
00000453  init_interrupts               
00000505  write_7_segment_display       
00000591  char_to_display_data          
00000621  timer0_handler                
00000669  sw1_handler                   
000006a1  timer1_handler                
000006c1  timer2_handler                
000006f9  check_sw1                     
00000785  check_sw2                     
000007f9  change_led_colour             
0000083d  set_led                       
00000929  __aeabi_memcpy                
00000929  __aeabi_memcpy4               
00000929  __aeabi_memcpy8               
00000929  memcpy                        
000009c5  __TI_decompress_lzss          
00000a2d  __TI_auto_init_nobinit_nopinit
00000a71  _c_int00_noargs               
00000aa5  __TI_decompress_none          
00000ab3  ResetISR                      
00000abf  _system_pre_init              
00000ac3  C$$EXIT                       
00000ac3  abort                         
00000ad4  __TI_Handler_Table_Base       
00000adc  __TI_CINIT_Base               
00000adc  __TI_Handler_Table_Limit      
00000ae4  __TI_CINIT_Limit              
20000000  __stack                       
20000000  __start___llvm_prf_cnts       
20000000  __stop___llvm_prf_cnts        
20000200  __STACK_END                   
20000200  __STACK_TOP                   
20000200  led_colour                    
20000204  led_on                        
20000208  sw1_pressed                   
2000020c  sw2_pressed                   
20000210  led_blinking                  
ffffffff  __TI_pprof_out_hndl           
ffffffff  __TI_prof_data_size           
ffffffff  __TI_prof_data_start          
ffffffff  __binit__                     
ffffffff  __c_args__                    
ffffffff  binit                         
UNDEFED   __mpu_init                    
UNDEFED   _system_post_cinit            

[50 symbols]
