******************************************************************************
                  TI ARM Linker Unix v20.2.7                   
******************************************************************************
>> Linked Sat Oct 18 16:22:14 2025

OUTPUT FILE NAME:   <muj975_Lab_3.out>
ENTRY POINT SYMBOL: "_c_int00_noargs"  address: 0000328d


MEMORY CONFIGURATION

         name            origin    length      used     unused   attr    fill
----------------------  --------  ---------  --------  --------  ----  --------
  FLASH                 00000000   00040000  000036d5  0003c92b  R  X
  SRAM                  20000000   00008000  00000fcc  00007034  RW X


SEGMENT ALLOCATION MAP

run origin  load origin   length   init length attrs members
----------  ----------- ---------- ----------- ----- -------
00000000    00000000    000036d8   000036d8    r-x
  00000000    00000000    0000026c   0000026c    r-- .intvecs
  0000026c    0000026c    000032d0   000032d0    r-x .text
  0000353c    0000353c    00000101   00000101    r-- .const
  00003640    00003640    00000098   00000098    r-- .cinit
20000000    20000000    00000fcc   00000000    rw-
  20000000    20000000    00000800   00000000    rw- .stack
  20000800    20000800    00000400   00000000    rw- .sysmem
  20000c00    20000c00    00000204   00000000    rw- .data
  20000e04    20000e04    000001c8   00000000    rw- .bss


SECTION ALLOCATION MAP

 output                                  attributes/
section   page    origin      length       input sections
--------  ----  ----------  ----------   ----------------
.intvecs   0    00000000    0000026c     
                  00000000    0000026c     tm4c123gh6pm_startup_ccs.obj (.intvecs)

.text      0    0000026c    000032d0     
                  0000026c    00000a4e     rtsv7M4_T_le_v4SPD16_eabi.lib : _printfi.c.obj (.text:__TI_printfi)
                  00000cba    00000002                                   : _lock.c.obj (.text:_nop)
                  00000cbc    00000840     main.obj (.text)
                  000014fc    00000270     rtsv7M4_T_le_v4SPD16_eabi.lib : _printfi.c.obj (.text:_pconv_a)
                  0000176c    000001d0                                   : _printfi.c.obj (.text:_pconv_g)
                  0000193c    000001b6                                   : fd_add_t2.asm.obj (.text)
                  00001af2    00000002                                   : div0.asm.obj (.text)
                  00001af4    0000013c                                   : _printfi.c.obj (.text:_pconv_e)
                  00001c30    00000136                                   : fd_div_t2.asm.obj (.text)
                  00001d66    00000002     --HOLE-- [fill = 0]
                  00001d68    00000124                                   : _printfi.c.obj (.text:fcvt)
                  00001e8c    00000114                                   : fputs.c.obj (.text:fputs)
                  00001fa0    00000110                                   : s_scalbn.c.obj (.text:scalbn)
                  000020b0    00000100                                   : memory.c.obj (.text:aligned_alloc)
                  000021b0    000000fc                                   : fd_mul_t2.asm.obj (.text)
                  000022ac    000000e4                                   : memory.c.obj (.text:free)
                  00002390    000000dc                                   : setvbuf.c.obj (.text:setvbuf)
                  0000246c    000000b1                                   : _printfi.c.obj (.text:_ltostr)
                  0000251d    00000001     --HOLE-- [fill = 0]
                  0000251e    0000009c                                   : memcpy_t2.asm.obj (.text)
                  000025ba    00000096                                   : ull_div_t2.asm.obj (.text)
                  00002650    0000008c                                   : fputc.c.obj (.text:fputc)
                  000026dc    00000086                                   : fd_cmp_t2.asm.obj (.text:__aeabi_cdcmple)
                  00002762    00000086                                   : fd_cmp_t2.asm.obj (.text:__aeabi_cdrcmple)
                  000027e8    0000007a                                   : memset_t2.asm.obj (.text)
                  00002862    00000002     --HOLE-- [fill = 0]
                  00002864    00000074                                   : fclose.c.obj (.text:__TI_closefile)
                  000028d8    00000070                                   : memory.c.obj (.text:split)
                  00002948    0000006e                                   : _printfi.c.obj (.text:_mcpy)
                  000029b6    00000002     --HOLE-- [fill = 0]
                  000029b8    0000006c                                   : hostrename.c.obj (.text:HOSTrename)
                  00002a24    00000068                                   : hostlseek.c.obj (.text:HOSTlseek)
                  00002a8c    00000068                                   : copy_decompress_lzss.c.obj (.text:decompress:lzss:__TI_decompress_lzss)
                  00002af4    00000068                                   : printf.c.obj (.text:printf)
                  00002b5c    00000064                                   : s_frexp.c.obj (.text:frexp)
                  00002bc0    00000064                                   : fseek.c.obj (.text:fseek)
                  00002c24    00000062                                   : _io_perm.c.obj (.text:__TI_wrt_ok)
                  00002c86    00000002     --HOLE-- [fill = 0]
                  00002c88    00000060                                   : hostopen.c.obj (.text:HOSTopen)
                  00002ce8    0000005c                                   : close.c.obj (.text:close)
                  00002d44    00000058                                   : hostread.c.obj (.text:HOSTread)
                  00002d9c    00000058                                   : hostwrite.c.obj (.text:HOSTwrite)
                  00002df4    00000056                                   : _printfi.c.obj (.text:_pconv_f)
                  00002e4a    00000054                                   : _ltoa.c.obj (.text:__TI_ltoa)
                  00002e9e    00000052                                   : _printfi.c.obj (.text:_ecpy)
                  00002ef0    0000004c                                   : fflush.c.obj (.text:__TI_doflush)
                  00002f3c    0000004c                                   : atoi.c.obj (.text:atoi)
                  00002f88    0000004c                                   : snprintf.c.obj (.text:snprintf)
                  00002fd4    00000048                                   : exit.c.obj (.text:exit)
                  0000301c    00000048                                   : fd_toi_t2.asm.obj (.text)
                  00003064    00000044                                   : hostclose.c.obj (.text:HOSTclose)
                  000030a8    00000044                                   : hostunlink.c.obj (.text:HOSTunlink)
                  000030ec    00000044                                   : autoinit.c.obj (.text:__TI_auto_init_nobinit_nopinit:__TI_auto_init_nobinit_nopinit)
                  00003130    00000044                                   : getdevice.c.obj (.text:getdevice)
                  00003174    0000003e                                   : _printfi.c.obj (.text:_fcpy)
                  000031b2    00000002     --HOLE-- [fill = 0]
                  000031b4    00000038                                   : trgmsg.c.obj (.text:__TI_writemsg)
                  000031ec    00000036                                   : strncpy.c.obj (.text:strncpy)
                  00003222    00000002     --HOLE-- [fill = 0]
                  00003224    00000034                                   : fopen.c.obj (.text:__TI_cleanup)
                  00003258    00000034                                   : trgmsg.c.obj (.text:__TI_readmsg)
                  0000328c    00000034                                   : boot_cortex_m.c.obj (.text:_c_int00_noargs:_c_int00_noargs)
                  000032c0    00000030                                   : snprintf.c.obj (.text:_outs)
                  000032f0    00000030                                   : getdevice.c.obj (.text:finddevice)
                  00003320    0000002e                                   : i_tofd_t2.asm.obj (.text)
                  0000334e    00000002     --HOLE-- [fill = 0]
                  00003350    0000002c                                   : unlink.c.obj (.text:unlink)
                  0000337c    00000028                                   : memory.c.obj (.text:free_list_insert)
                  000033a4    00000028                                   : lseek.c.obj (.text:lseek)
                  000033cc    00000028                                   : write.c.obj (.text:write)
                  000033f4    00000020                                   : memchr.c.obj (.text:memchr)
                  00003414    0000001c                                   : copy_zero_init.c.obj (.text:decompress:ZI:__TI_zero_init_nomemset:__TI_zero_init_nomemset)
                  00003430    0000001c                                   : memory.c.obj (.text:free_list_remove)
                  0000344c    0000001c                                   : memccpy.c.obj (.text:memccpy)
                  00003468    0000001a                                   : s_copysign.c.obj (.text:copysign)
                  00003482    00000018                                   : snprintf.c.obj (.text:_outc)
                  0000349a    00000018                                   : strcmp.c.obj (.text:strcmp)
                  000034b2    00000016                                   : strchr.c.obj (.text:strchr)
                  000034c8    00000014                                   : strcpy.c.obj (.text:strcpy)
                  000034dc    00000014                                   : strlen.c.obj (.text:strlen)
                  000034f0    00000012                                   : wcslen.c.obj (.text:wcslen)
                  00003502    0000000e                                   : copy_decompress_none.c.obj (.text:decompress:none:__TI_decompress_none)
                  00003510    0000000c     tm4c123gh6pm_startup_ccs.obj (.text)
                  0000351c    00000008     rtsv7M4_T_le_v4SPD16_eabi.lib : errno.c.obj (.text:__aeabi_errno_addr)
                  00003524    00000008                                   : memory.c.obj (.text:malloc)
                  0000352c    00000004                                   : printf.c.obj (.text:_outc)
                  00003530    00000004                                   : printf.c.obj (.text:_outs)
                  00003534    00000004                                   : pre_init.c.obj (.text:_system_pre_init)
                  00003538    00000004                                   : exit.c.obj (.text:abort:abort)

.const     0    0000353c    00000101     
                  0000353c    00000101     rtsv7M4_T_le_v4SPD16_eabi.lib : ctype.c.obj (.const:.string:_ctypes_)

.cinit     0    00003640    00000098     
                  00003640    0000006e     (.cinit..data.load) [load image, compression = lzss]
                  000036ae    00000002     --HOLE-- [fill = 0]
                  000036b0    0000000c     (__TI_handler_table)
                  000036bc    00000004     --HOLE-- [fill = 0]
                  000036c0    00000008     (.cinit..bss.load) [load image, compression = zero_init]
                  000036c8    00000010     (__TI_cinit_table)

.init_array 
*          0    00000000    00000000     UNINITIALIZED

.stack     0    20000000    00000800     UNINITIALIZED
                  20000000    00000004     rtsv7M4_T_le_v4SPD16_eabi.lib : boot_cortex_m.c.obj (.stack)
                  20000004    000007fc     --HOLE--

.sysmem    0    20000800    00000400     UNINITIALIZED
                  20000800    00000010     rtsv7M4_T_le_v4SPD16_eabi.lib : memory.c.obj (.sysmem)
                  20000810    000003f0     --HOLE--

.data      0    20000c00    00000204     UNINITIALIZED
                  20000c00    000000f0     rtsv7M4_T_le_v4SPD16_eabi.lib : defs.c.obj (.data:_ftable)
                  20000cf0    00000078                                   : host_device.c.obj (.data:_device)
                  20000d68    00000050                                   : host_device.c.obj (.data:_stream)
                  20000db8    0000001c     main.obj (.data)
                  20000dd4    00000010     rtsv7M4_T_le_v4SPD16_eabi.lib : defs.c.obj (.data)
                  20000de4    0000000c                                   : exit.c.obj (.data:$O1$$)
                  20000df0    00000008                                   : _lock.c.obj (.data:$O1$$)
                  20000df8    00000008                                   : memory.c.obj (.data:$O1$$)
                  20000e00    00000004                                   : errno.c.obj (.data)

.bss       0    20000e04    000001c8     UNINITIALIZED
                  20000e04    00000120     rtsv7M4_T_le_v4SPD16_eabi.lib : trgmsg.c.obj (.bss:_CIOBUF_)
                  20000f24    000000a0     (.common:__TI_tmpnams)
                  20000fc4    00000008     (.common:parmbuf)

__llvm_prf_cnts 
*          0    20000000    00000000     UNINITIALIZED

MODULE SUMMARY

       Module                         code    ro data   rw data
       ------                         ----    -------   -------
    ./
       main.obj                       2112    0         28     
       tm4c123gh6pm_startup_ccs.obj   12      620       0      
    +--+------------------------------+-------+---------+---------+
       Total:                         2124    620       28     
                                                               
    /opt/CCS1230/ccs/tools/compiler/ti-cgt-arm_20.2.7.LTS/lib/rtsv7M4_T_le_v4SPD16_eabi.lib
       _printfi.c.obj                 4851    0         0      
       memory.c.obj                   672     0         8      
       fd_add_t2.asm.obj              438     0         0      
       defs.c.obj                     0       0         416    
       trgmsg.c.obj                   108     0         288    
       fd_div_t2.asm.obj              310     0         0      
       fputs.c.obj                    276     0         0      
       s_scalbn.c.obj                 272     0         0      
       fd_cmp_t2.asm.obj              268     0         0      
       ctype.c.obj                    0       257       0      
       fd_mul_t2.asm.obj              252     0         0      
       setvbuf.c.obj                  220     0         0      
       host_device.c.obj              0       0         200    
       memcpy_t2.asm.obj              156     0         0      
       ull_div_t2.asm.obj             150     0         0      
       snprintf.c.obj                 148     0         0      
       fputc.c.obj                    140     0         0      
       memset_t2.asm.obj              122     0         0      
       fclose.c.obj                   116     0         0      
       getdevice.c.obj                116     0         0      
       printf.c.obj                   112     0         0      
       hostrename.c.obj               108     0         0      
       copy_decompress_lzss.c.obj     104     0         0      
       hostlseek.c.obj                104     0         0      
       hostopen.c.obj                 96      0         8      
       fseek.c.obj                    100     0         0      
       s_frexp.c.obj                  100     0         0      
       _io_perm.c.obj                 98      0         0      
       close.c.obj                    92      0         0      
       exit.c.obj                     76      0         12     
       hostread.c.obj                 88      0         0      
       hostwrite.c.obj                88      0         0      
       _ltoa.c.obj                    84      0         0      
       atoi.c.obj                     76      0         0      
       fflush.c.obj                   76      0         0      
       fd_toi_t2.asm.obj              72      0         0      
       autoinit.c.obj                 68      0         0      
       hostclose.c.obj                68      0         0      
       hostunlink.c.obj               68      0         0      
       strncpy.c.obj                  54      0         0      
       boot_cortex_m.c.obj            52      0         0      
       fopen.c.obj                    52      0         0      
       i_tofd_t2.asm.obj              46      0         0      
       unlink.c.obj                   44      0         0      
       lseek.c.obj                    40      0         0      
       write.c.obj                    40      0         0      
       memchr.c.obj                   32      0         0      
       copy_zero_init.c.obj           28      0         0      
       memccpy.c.obj                  28      0         0      
       s_copysign.c.obj               26      0         0      
       strcmp.c.obj                   24      0         0      
       strchr.c.obj                   22      0         0      
       strcpy.c.obj                   20      0         0      
       strlen.c.obj                   20      0         0      
       wcslen.c.obj                   18      0         0      
       copy_decompress_none.c.obj     14      0         0      
       errno.c.obj                    8       0         4      
       _lock.c.obj                    2       0         8      
       pre_init.c.obj                 4       0         0      
       div0.asm.obj                   2       0         0      
    +--+------------------------------+-------+---------+---------+
       Total:                         10869   257       944    
                                                               
       Heap:                          0       0         1024   
       Stack:                         0       0         2048   
       Linker Generated:              0       146       0      
    +--+------------------------------+-------+---------+---------+
       Grand Total:                   12993   1023      4044   


LINKER GENERATED COPY TABLES

__TI_cinit_table @ 000036c8 records: 2, size/record: 8, table size: 16
	.data: load addr=00003640, load size=0000006e bytes, run addr=20000c00, run size=00000204 bytes, compression=lzss
	.bss: load addr=000036c0, load size=00000008 bytes, run addr=20000e04, run size=000001c8 bytes, compression=zero_init


LINKER GENERATED HANDLER TABLE

__TI_handler_table @ 000036b0 records: 3, size/record: 4, table size: 12
	index: 0, handler: __TI_decompress_lzss
	index: 1, handler: __TI_decompress_none
	index: 2, handler: __TI_zero_init


GLOBAL SYMBOLS: SORTED ALPHABETICALLY BY Name 

address   name                           
-------   ----                           
00003539  C$$EXIT                        
000031e3  C$$IO$$                        
00003065  HOSTclose                      
00002a25  HOSTlseek                      
00002c89  HOSTopen                       
00002d45  HOSTread                       
000029b9  HOSTrename                     
000030a9  HOSTunlink                     
00002d9d  HOSTwrite                      
00003511  ResetISR                       
20000dd0  SSD_counter                    
20000dcc  SSD_counting                   
20000e04  __CIOBUF_                      
20000800  __STACK_END                    
00000800  __STACK_SIZE                   
20000200  __STACK_TOP                    
00000400  __SYSMEM_SIZE                  
000036c8  __TI_CINIT_Base                
000036d8  __TI_CINIT_Limit               
000036b0  __TI_Handler_Table_Base        
000036bc  __TI_Handler_Table_Limit       
000030ed  __TI_auto_init_nobinit_nopinit 
00003225  __TI_cleanup                   
20000de4  __TI_cleanup_ptr               
00002865  __TI_closefile                 
00002a8d  __TI_decompress_lzss           
00003503  __TI_decompress_none           
00002ef1  __TI_doflush                   
20000de8  __TI_dtors_ptr                 
20000dec  __TI_enable_exit_profile_output
20000dd4  __TI_ft_end                    
00002e4b  __TI_ltoa                      
ffffffff  __TI_pprof_out_hndl            
0000026d  __TI_printfi                   
ffffffff  __TI_prof_data_size            
ffffffff  __TI_prof_data_start           
00003259  __TI_readmsg                   
00000000  __TI_static_base__             
20000f24  __TI_tmpnams                   
000031b5  __TI_writemsg                  
00002c25  __TI_wrt_ok                    
00003415  __TI_zero_init_nomemset        
000026dd  __aeabi_cdcmpeq                
000026dd  __aeabi_cdcmple                
00002763  __aeabi_cdrcmple               
0000301d  __aeabi_d2iz                   
00001947  __aeabi_dadd                   
00001c31  __aeabi_ddiv                   
000021b1  __aeabi_dmul                   
0000193d  __aeabi_dsub                   
0000351d  __aeabi_errno_addr             
00003321  __aeabi_i2d                    
00001af3  __aeabi_idiv0                  
00001af3  __aeabi_ldiv0                  
000027e9  __aeabi_memclr                 
000027e9  __aeabi_memclr4                
000027e9  __aeabi_memclr8                
0000251f  __aeabi_memcpy                 
0000251f  __aeabi_memcpy4                
0000251f  __aeabi_memcpy8                
000027eb  __aeabi_memset                 
000027eb  __aeabi_memset4                
000027eb  __aeabi_memset8                
20000de0  __aeabi_stderr                 
20000dd8  __aeabi_stdin                  
20000ddc  __aeabi_stdout                 
000025bb  __aeabi_uldivmod               
ffffffff  __binit__                      
ffffffff  __c_args__                     
UNDEFED   __mpu_init                     
20000000  __stack                        
20000000  __start___llvm_prf_cnts        
20000000  __stop___llvm_prf_cnts         
0000328d  _c_int00_noargs                
0000353c  _ctypes_                       
20000cf0  _device                        
20000c00  _ftable                        
20000df0  _lock                          
00000cbb  _nop                           
20000d68  _stream                        
20000800  _sys_memory                    
UNDEFED   _system_post_cinit             
00003535  _system_pre_init               
20000df4  _unlock                        
00003539  abort                          
000020b1  aligned_alloc                  
00002f3d  atoi                           
ffffffff  binit                          
000012c9  change_led_colour              
00001025  char_to_display_data           
00002ce9  close                          
00003469  copysign                       
00003469  copysignl                      
20000e00  errno                          
00002fd5  exit                           
000032f1  finddevice                     
00002651  fputc                          
00001e8d  fputs                          
000022ad  free                           
00002b5d  frexp                          
00002b5d  frexpl                         
00002bc1  fseek                          
00000000  g_pfnVectors                   
00003131  getdevice                      
00000cdd  init_gpio                      
00000eb3  init_interrupts                
00001fa1  ldexp                          
00001fa1  ldexpl                         
20000dc8  led_blinking                   
20000db8  led_colour                     
20000dbc  led_on                         
000033a5  lseek                          
00000cbd  main                           
00003525  malloc                         
000020b1  memalign                       
0000344d  memccpy                        
000033f5  memchr                         
0000251f  memcpy                         
000027f1  memset                         
20000fc4  parmbuf                        
0000115d  port_f_handler                 
00002af5  printf                         
00002651  putc                           
00003351  remove                         
00001fa1  scalbn                         
00001fa1  scalbnl                        
00001303  set_led                        
00002391  setvbuf                        
00002f89  snprintf                       
000013cb  square                         
000034b3  strchr                         
0000349b  strcmp                         
000034c9  strcpy                         
000034dd  strlen                         
000031ed  strncpy                        
20000dc0  sw1_pressed                    
20000dc4  sw2_pressed                    
000013f5  time_square                    
000010d5  timer0_handler                 
000011f9  timer1_handler                 
00001229  timer2_handler                 
0000127d  timer3_handler                 
00003351  unlink                         
000034f1  wcslen                         
000033cd  write                          
00000f83  write_7_segment_display        


GLOBAL SYMBOLS: SORTED BY Symbol Address 

address   name                           
-------   ----                           
00000000  __TI_static_base__             
00000000  g_pfnVectors                   
0000026d  __TI_printfi                   
00000400  __SYSMEM_SIZE                  
00000800  __STACK_SIZE                   
00000cbb  _nop                           
00000cbd  main                           
00000cdd  init_gpio                      
00000eb3  init_interrupts                
00000f83  write_7_segment_display        
00001025  char_to_display_data           
000010d5  timer0_handler                 
0000115d  port_f_handler                 
000011f9  timer1_handler                 
00001229  timer2_handler                 
0000127d  timer3_handler                 
000012c9  change_led_colour              
00001303  set_led                        
000013cb  square                         
000013f5  time_square                    
0000193d  __aeabi_dsub                   
00001947  __aeabi_dadd                   
00001af3  __aeabi_idiv0                  
00001af3  __aeabi_ldiv0                  
00001c31  __aeabi_ddiv                   
00001e8d  fputs                          
00001fa1  ldexp                          
00001fa1  ldexpl                         
00001fa1  scalbn                         
00001fa1  scalbnl                        
000020b1  aligned_alloc                  
000020b1  memalign                       
000021b1  __aeabi_dmul                   
000022ad  free                           
00002391  setvbuf                        
0000251f  __aeabi_memcpy                 
0000251f  __aeabi_memcpy4                
0000251f  __aeabi_memcpy8                
0000251f  memcpy                         
000025bb  __aeabi_uldivmod               
00002651  fputc                          
00002651  putc                           
000026dd  __aeabi_cdcmpeq                
000026dd  __aeabi_cdcmple                
00002763  __aeabi_cdrcmple               
000027e9  __aeabi_memclr                 
000027e9  __aeabi_memclr4                
000027e9  __aeabi_memclr8                
000027eb  __aeabi_memset                 
000027eb  __aeabi_memset4                
000027eb  __aeabi_memset8                
000027f1  memset                         
00002865  __TI_closefile                 
000029b9  HOSTrename                     
00002a25  HOSTlseek                      
00002a8d  __TI_decompress_lzss           
00002af5  printf                         
00002b5d  frexp                          
00002b5d  frexpl                         
00002bc1  fseek                          
00002c25  __TI_wrt_ok                    
00002c89  HOSTopen                       
00002ce9  close                          
00002d45  HOSTread                       
00002d9d  HOSTwrite                      
00002e4b  __TI_ltoa                      
00002ef1  __TI_doflush                   
00002f3d  atoi                           
00002f89  snprintf                       
00002fd5  exit                           
0000301d  __aeabi_d2iz                   
00003065  HOSTclose                      
000030a9  HOSTunlink                     
000030ed  __TI_auto_init_nobinit_nopinit 
00003131  getdevice                      
000031b5  __TI_writemsg                  
000031e3  C$$IO$$                        
000031ed  strncpy                        
00003225  __TI_cleanup                   
00003259  __TI_readmsg                   
0000328d  _c_int00_noargs                
000032f1  finddevice                     
00003321  __aeabi_i2d                    
00003351  remove                         
00003351  unlink                         
000033a5  lseek                          
000033cd  write                          
000033f5  memchr                         
00003415  __TI_zero_init_nomemset        
0000344d  memccpy                        
00003469  copysign                       
00003469  copysignl                      
0000349b  strcmp                         
000034b3  strchr                         
000034c9  strcpy                         
000034dd  strlen                         
000034f1  wcslen                         
00003503  __TI_decompress_none           
00003511  ResetISR                       
0000351d  __aeabi_errno_addr             
00003525  malloc                         
00003535  _system_pre_init               
00003539  C$$EXIT                        
00003539  abort                          
0000353c  _ctypes_                       
000036b0  __TI_Handler_Table_Base        
000036bc  __TI_Handler_Table_Limit       
000036c8  __TI_CINIT_Base                
000036d8  __TI_CINIT_Limit               
20000000  __stack                        
20000000  __start___llvm_prf_cnts        
20000000  __stop___llvm_prf_cnts         
20000200  __STACK_TOP                    
20000800  __STACK_END                    
20000800  _sys_memory                    
20000c00  _ftable                        
20000cf0  _device                        
20000d68  _stream                        
20000db8  led_colour                     
20000dbc  led_on                         
20000dc0  sw1_pressed                    
20000dc4  sw2_pressed                    
20000dc8  led_blinking                   
20000dcc  SSD_counting                   
20000dd0  SSD_counter                    
20000dd4  __TI_ft_end                    
20000dd8  __aeabi_stdin                  
20000ddc  __aeabi_stdout                 
20000de0  __aeabi_stderr                 
20000de4  __TI_cleanup_ptr               
20000de8  __TI_dtors_ptr                 
20000dec  __TI_enable_exit_profile_output
20000df0  _lock                          
20000df4  _unlock                        
20000e00  errno                          
20000e04  __CIOBUF_                      
20000f24  __TI_tmpnams                   
20000fc4  parmbuf                        
ffffffff  __TI_pprof_out_hndl            
ffffffff  __TI_prof_data_size            
ffffffff  __TI_prof_data_start           
ffffffff  __binit__                      
ffffffff  __c_args__                     
ffffffff  binit                          
UNDEFED   __mpu_init                     
UNDEFED   _system_post_cinit             

[146 symbols]
