******************************************************************************
                  TI ARM Linker Unix v20.2.7                   
******************************************************************************
>> Linked Wed Oct 15 15:12:25 2025

OUTPUT FILE NAME:   <muj975_Lab_3.out>
ENTRY POINT SYMBOL: "_c_int00_noargs"  address: 00000811


MEMORY CONFIGURATION

         name            origin    length      used     unused   attr    fill
----------------------  --------  ---------  --------  --------  ----  --------
  FLASH                 00000000   00040000  00000886  0003f77a  R  X
  SRAM                  20000000   00008000  00000214  00007dec  RW X


SEGMENT ALLOCATION MAP

run origin  load origin   length   init length attrs members
----------  ----------- ---------- ----------- ----- -------
00000000    00000000    00000888   00000888    r-x
  00000000    00000000    0000026c   0000026c    r-- .intvecs
  0000026c    0000026c    000005fa   000005fa    r-x .text
  00000868    00000868    00000020   00000020    r-- .cinit
20000000    20000000    00000214   00000000    rw-
  20000000    20000000    00000200   00000000    rw- .stack
  20000200    20000200    00000014   00000000    rw- .data


SECTION ALLOCATION MAP

 output                                  attributes/
section   page    origin      length       input sections
--------  ----  ----------  ----------   ----------------
.intvecs   0    00000000    0000026c     
                  00000000    0000026c     tm4c123gh6pm_startup_ccs.obj (.intvecs)

.text      0    0000026c    000005fa     
                  0000026c    0000045c     main.obj (.text)
                  000006c8    0000009c     rtsv7M4_T_le_v4SPD16_eabi.lib : memcpy_t2.asm.obj (.text)
                  00000764    00000068                                   : copy_decompress_lzss.c.obj (.text:decompress:lzss:__TI_decompress_lzss)
                  000007cc    00000044                                   : autoinit.c.obj (.text:__TI_auto_init_nobinit_nopinit:__TI_auto_init_nobinit_nopinit)
                  00000810    00000034                                   : boot_cortex_m.c.obj (.text:_c_int00_noargs:_c_int00_noargs)
                  00000844    0000000e                                   : copy_decompress_none.c.obj (.text:decompress:none:__TI_decompress_none)
                  00000852    0000000c     tm4c123gh6pm_startup_ccs.obj (.text)
                  0000085e    00000004     rtsv7M4_T_le_v4SPD16_eabi.lib : pre_init.c.obj (.text:_system_pre_init)
                  00000862    00000004                                   : exit.c.obj (.text:abort:abort)

.cinit     0    00000868    00000020     
                  00000868    0000000f     (.cinit..data.load) [load image, compression = lzss]
                  00000877    00000001     --HOLE-- [fill = 0]
                  00000878    00000008     (__TI_handler_table)
                  00000880    00000008     (__TI_cinit_table)

.init_array 
*          0    00000000    00000000     UNINITIALIZED

.data      0    20000200    00000014     UNINITIALIZED
                  20000200    00000014     main.obj (.data)

.stack     0    20000000    00000200     UNINITIALIZED
                  20000000    00000004     rtsv7M4_T_le_v4SPD16_eabi.lib : boot_cortex_m.c.obj (.stack)
                  20000004    000001fc     --HOLE--

__llvm_prf_cnts 
*          0    20000000    00000000     UNINITIALIZED

MODULE SUMMARY

       Module                         code   ro data   rw data
       ------                         ----   -------   -------
    ./
       main.obj                       1116   0         20     
       tm4c123gh6pm_startup_ccs.obj   12     620       0      
    +--+------------------------------+------+---------+---------+
       Total:                         1128   620       20     
                                                              
    /opt/CCS1230/ccs/tools/compiler/ti-cgt-arm_20.2.7.LTS/lib/rtsv7M4_T_le_v4SPD16_eabi.lib
       memcpy_t2.asm.obj              156    0         0      
       copy_decompress_lzss.c.obj     104    0         0      
       autoinit.c.obj                 68     0         0      
       boot_cortex_m.c.obj            52     0         0      
       copy_decompress_none.c.obj     14     0         0      
       exit.c.obj                     4      0         0      
       pre_init.c.obj                 4      0         0      
    +--+------------------------------+------+---------+---------+
       Total:                         402    0         0      
                                                              
       Stack:                         0      0         512    
       Linker Generated:              0      31        0      
    +--+------------------------------+------+---------+---------+
       Grand Total:                   1530   651       532    


LINKER GENERATED COPY TABLES

__TI_cinit_table @ 00000880 records: 1, size/record: 8, table size: 8
	.data: load addr=00000868, load size=0000000f bytes, run addr=20000200, run size=00000014 bytes, compression=lzss


LINKER GENERATED HANDLER TABLE

__TI_handler_table @ 00000878 records: 2, size/record: 4, table size: 8
	index: 0, handler: __TI_decompress_lzss
	index: 1, handler: __TI_decompress_none


GLOBAL SYMBOLS: SORTED ALPHABETICALLY BY Name 

address   name                          
-------   ----                          
00000863  C$$EXIT                       
00000853  ResetISR                      
20000200  __STACK_END                   
00000200  __STACK_SIZE                  
20000200  __STACK_TOP                   
00000880  __TI_CINIT_Base               
00000888  __TI_CINIT_Limit              
00000878  __TI_Handler_Table_Base       
00000880  __TI_Handler_Table_Limit      
000007cd  __TI_auto_init_nobinit_nopinit
00000765  __TI_decompress_lzss          
00000845  __TI_decompress_none          
ffffffff  __TI_pprof_out_hndl           
ffffffff  __TI_prof_data_size           
ffffffff  __TI_prof_data_start          
00000000  __TI_static_base__            
000006c9  __aeabi_memcpy                
000006c9  __aeabi_memcpy4               
000006c9  __aeabi_memcpy8               
ffffffff  __binit__                     
ffffffff  __c_args__                    
UNDEFED   __mpu_init                    
20000000  __stack                       
20000000  __start___llvm_prf_cnts       
20000000  __stop___llvm_prf_cnts        
00000811  _c_int00_noargs               
UNDEFED   _system_post_cinit            
0000085f  _system_pre_init              
00000863  abort                         
ffffffff  binit                         
0000052b  change_led_colour             
00000483  check_sw1                     
000004cd  check_sw2                     
00000000  g_pfnVectors                  
00000287  init_gpio                     
000003fd  init_interrupts               
20000210  led_blinking                  
20000200  led_colour                    
20000204  led_on                        
0000041d  led_time_out_handler          
0000026d  main                          
000006c9  memcpy                        
00000581  set_led                       
20000208  sw1_pressed                   
2000020c  sw2_pressed                   
00000453  timer0_handler                


GLOBAL SYMBOLS: SORTED BY Symbol Address 

address   name                          
-------   ----                          
00000000  __TI_static_base__            
00000000  g_pfnVectors                  
00000200  __STACK_SIZE                  
0000026d  main                          
00000287  init_gpio                     
000003fd  init_interrupts               
0000041d  led_time_out_handler          
00000453  timer0_handler                
00000483  check_sw1                     
000004cd  check_sw2                     
0000052b  change_led_colour             
00000581  set_led                       
000006c9  __aeabi_memcpy                
000006c9  __aeabi_memcpy4               
000006c9  __aeabi_memcpy8               
000006c9  memcpy                        
00000765  __TI_decompress_lzss          
000007cd  __TI_auto_init_nobinit_nopinit
00000811  _c_int00_noargs               
00000845  __TI_decompress_none          
00000853  ResetISR                      
0000085f  _system_pre_init              
00000863  C$$EXIT                       
00000863  abort                         
00000878  __TI_Handler_Table_Base       
00000880  __TI_CINIT_Base               
00000880  __TI_Handler_Table_Limit      
00000888  __TI_CINIT_Limit              
20000000  __stack                       
20000000  __start___llvm_prf_cnts       
20000000  __stop___llvm_prf_cnts        
20000200  __STACK_END                   
20000200  __STACK_TOP                   
20000200  led_colour                    
20000204  led_on                        
20000208  sw1_pressed                   
2000020c  sw2_pressed                   
20000210  led_blinking                  
ffffffff  __TI_pprof_out_hndl           
ffffffff  __TI_prof_data_size           
ffffffff  __TI_prof_data_start          
ffffffff  __binit__                     
ffffffff  __c_args__                    
ffffffff  binit                         
UNDEFED   __mpu_init                    
UNDEFED   _system_post_cinit            

[46 symbols]
